// Jest Snapshot v1, https://goo.gl/fbAQLP

exports[`App should render correctly 1`] = `
<div
  className="sc-htpNat bItXhR"
  style={
    Object {
      "backgroundColor": "hsl(0, 0%, 13%)",
    }
  }
>
  <div
    className="sc-htpNat jIYwWs"
    style={undefined}
  >
    MovieZN
  </div>
  <div
    className="sc-htpNat iYrbMG"
    style={undefined}
  >
    <form
      className="sc-bwzfXH jFkwyO"
      onSubmit={[Function]}
    >
      <input
        className="search-input"
        onChange={[Function]}
        value=""
      />
      <button
        className="form-submit-btn hidden"
        type="submit"
      />
    </form>
  </div>
</div>
`;
