// Jest Snapshot v1, https://goo.gl/fbAQLP

exports[`App should render correctly 1`] = `
<div
  className="sc-htpNat bItXhR"
>
  <div
    className="sc-htpNat jIYwWs"
  >
    MovieZN
  </div>
  <div
    className="sc-htpNat iYrbMG"
  >
    <form
      className="sc-bwzfXH jFkwyO"
      onSubmit={[Function]}
    >
      <input
        className="search-input"
        onChange={[Function]}
        value=""
      />
      <button
        className="form-submit-btn hidden"
        type="submit"
      />
    </form>
  </div>
</div>
`;
